Management host iniciado: host 172.16.1.30!
Iniciando servidor de Freds (172.16.1.30:9090)....

Esperando nova conexao ...
[management-server] init  1745348233968
Recebido de  ('172.16.1.10', 45910)
qtd bytes data: 1044
json: {"FRED": {"ip_ver": 2048, "proto": 6, "ip_src": "172.16.4.30", "ip_dst": "172.16.1.30", "src_port": 54066, "dst_port": 5001, "mac_src": "7e:6e:9a:b6:31:b1", "mac_dst": "26:e7:12:39:2b:2e", "priority": 1, "class": 1, "bandwidth": 2000, "loss": 10, "delay": 1, "jitter": 0, "label": "video", "blockchain_name": "blockchain_name", "AS_src_ip_range": [], "AS_dst_ip_range": ["172.16.4.0"], "ip_genesis": "172.16.4.30", "list_peers": [], "list_route": [{"ordem": 1, "nome_peer": "172.16.4.10", "chave_publica": "03724d8dff744fc5caa33a7c4f8eca29b8d37601b197a763f7d3d363672817f1b1", "nro_saltos": 1}, {"ordem": 2, "nome_peer": "172.16.3.10", "chave_publica": "03724d8dff744fc5caa33a7c4f8eca29b8d37601b197a763f7d3d363672817f1b1", "nro_saltos": 1}, {"ordem": 3, "nome_peer": "172.16.2.10", "chave_publica": "03724d8dff744fc5caa33a7c4f8eca29b8d37601b197a763f7d3d363672817f1b1", "nro_saltos": 1}, {"ordem": 4, "nome_peer": "172.16.1.10", "chave_publica": "03724d8dff744fc5caa33a7c4f8eca29b8d37601b197a763f7d3d363672817f1b1", "nro_saltos": 1}], "code": 0}}
[management-server] fred recebido
loading fred from json: {'FRED': {'ip_ver': 2048, 'proto': 6, 'ip_src': '172.16.4.30', 'ip_dst': '172.16.1.30', 'src_port': 54066, 'dst_port': 5001, 'mac_src': '7e:6e:9a:b6:31:b1', 'mac_dst': '26:e7:12:39:2b:2e', 'priority': 1, 'class': 1, 'bandwidth': 2000, 'loss': 10, 'delay': 1, 'jitter': 0, 'label': 'video', 'blockchain_name': 'blockchain_name', 'AS_src_ip_range': [], 'AS_dst_ip_range': ['172.16.4.0'], 'ip_genesis': '172.16.4.30', 'list_peers': [], 'list_route': [{'ordem': 1, 'nome_peer': '172.16.4.10', 'chave_publica': '03724d8dff744fc5caa33a7c4f8eca29b8d37601b197a763f7d3d363672817f1b1', 'nro_saltos': 1}, {'ordem': 2, 'nome_peer': '172.16.3.10', 'chave_publica': '03724d8dff744fc5caa33a7c4f8eca29b8d37601b197a763f7d3d363672817f1b1', 'nro_saltos': 1}, {'ordem': 3, 'nome_peer': '172.16.2.10', 'chave_publica': '03724d8dff744fc5caa33a7c4f8eca29b8d37601b197a763f7d3d363672817f1b1', 'nro_saltos': 1}, {'ordem': 4, 'nome_peer': '172.16.1.10', 'chave_publica': '03724d8dff744fc5caa33a7c4f8eca29b8d37601b197a763f7d3d363672817f1b1', 'nro_saltos': 1}], 'code': 0}}
Lista Pares vazia == nao deve criar blockchain
[management-server] fred terminado
[management-server]  end: 1745348233969  duracao: 1
Esperando nova conexao ...
[management-server] init  1745348235836
Recebido de  ('172.16.4.30', 42398)
qtd bytes data: 1492
json: {"FRED": {"ip_ver": 2048, "proto": 6, "ip_src": "172.16.1.30", "ip_dst": "172.16.4.30", "src_port": 5001, "dst_port": 54066, "mac_src": "26:e7:12:39:2b:2e", "mac_dst": "7e:6e:9a:b6:31:b1", "priority": 1, "class": 1, "bandwidth": 2000, "loss": 10, "delay": 1, "jitter": 0, "label": "video", "blockchain_name": "blockchain_name", "AS_src_ip_range": [], "AS_dst_ip_range": ["172.16.1.0"], "ip_genesis": "172.16.1.30", "list_peers": [{"nome_peer": "172.16.1.50", "chave_publica": "03724d8dff744fc5caa33a7c4f8eca29b8d37601b197a763f7d3d363672817f1b1", "ip_porta": "172.16.1.50:15101"}, {"nome_peer": "172.16.4.50", "chave_publica": "03724d8dff744fc5caa33a7c4f8eca29b8d37601b197a763f7d3d363672817f1b1", "ip_porta": "172.16.4.50:12813"}, {"nome_peer": "172.16.4.50", "chave_publica": "03724d8dff744fc5caa33a7c4f8eca29b8d37601b197a763f7d3d363672817f1b1", "ip_porta": "172.16.4.50:25427"}], "list_route": [{"ordem": 1, "nome_peer": "172.16.1.10", "chave_publica": "03724d8dff744fc5caa33a7c4f8eca29b8d37601b197a763f7d3d363672817f1b1", "nro_saltos": 1}, {"ordem": 2, "nome_peer": "172.16.2.10", "chave_publica": "03724d8dff744fc5caa33a7c4f8eca29b8d37601b197a763f7d3d363672817f1b1", "nro_saltos": 1}, {"ordem": 3, "nome_peer": "172.16.3.10", "chave_publica": "03724d8dff744fc5caa33a7c4f8eca29b8d37601b197a763f7d3d363672817f1b1", "nro_saltos": 1}, {"ordem": 4, "nome_peer": "172.16.4.10", "chave_publica": "03724d8dff744fc5caa33a7c4f8eca29b8d37601b197a763f7d3d363672817f1b1", "nro_saltos": 1}], "code": 0}}
[management-server] fred recebido
loading fred from json: {'FRED': {'ip_ver': 2048, 'proto': 6, 'ip_src': '172.16.1.30', 'ip_dst': '172.16.4.30', 'src_port': 5001, 'dst_port': 54066, 'mac_src': '26:e7:12:39:2b:2e', 'mac_dst': '7e:6e:9a:b6:31:b1', 'priority': 1, 'class': 1, 'bandwidth': 2000, 'loss': 10, 'delay': 1, 'jitter': 0, 'label': 'video', 'blockchain_name': 'blockchain_name', 'AS_src_ip_range': [], 'AS_dst_ip_range': ['172.16.1.0'], 'ip_genesis': '172.16.1.30', 'list_peers': [{'nome_peer': '172.16.1.50', 'chave_publica': '03724d8dff744fc5caa33a7c4f8eca29b8d37601b197a763f7d3d363672817f1b1', 'ip_porta': '172.16.1.50:15101'}, {'nome_peer': '172.16.4.50', 'chave_publica': '03724d8dff744fc5caa33a7c4f8eca29b8d37601b197a763f7d3d363672817f1b1', 'ip_porta': '172.16.4.50:12813'}, {'nome_peer': '172.16.4.50', 'chave_publica': '03724d8dff744fc5caa33a7c4f8eca29b8d37601b197a763f7d3d363672817f1b1', 'ip_porta': '172.16.4.50:25427'}], 'list_route': [{'ordem': 1, 'nome_peer': '172.16.1.10', 'chave_publica': '03724d8dff744fc5caa33a7c4f8eca29b8d37601b197a763f7d3d363672817f1b1', 'nro_saltos': 1}, {'ordem': 2, 'nome_peer': '172.16.2.10', 'chave_publica': '03724d8dff744fc5caa33a7c4f8eca29b8d37601b197a763f7d3d363672817f1b1', 'nro_saltos': 1}, {'ordem': 3, 'nome_peer': '172.16.3.10', 'chave_publica': '03724d8dff744fc5caa33a7c4f8eca29b8d37601b197a763f7d3d363672817f1b1', 'nro_saltos': 1}, {'ordem': 4, 'nome_peer': '172.16.4.10', 'chave_publica': '03724d8dff744fc5caa33a7c4f8eca29b8d37601b197a763f7d3d363672817f1b1', 'nro_saltos': 1}], 'code': 0}}
para os experimentos com virt namespaces
net: 172.16.1.50 : 16570
rest: 172.16.1.50 : 10612
val: 172.16.1.50 : 19176
lista_nos:  ['172.16.1.50:15101', '172.16.4.50:12813', '172.16.4.50:25427']
Criar nova blockchain (containers: rest,settings,validador,consenso):
IS GENESIS:  True
Creating veth1-settings-tp-172.16.1.0-172.16.4.0 ... 
Creating veth1-qosblockchain-172.16.1.0-172.16.4.0 ... 
Creating veth1-pbft-172.16.1.0-172.16.4.0          ... 
Creating veth1-rest-api-172.16.1.0-172.16.4.0      ... 
Creating veth1-validator-172.16.1.0-172.16.4.0     ... 
[4A[2KCreating veth1-qosblockchain-172.16.1.0-172.16.4.0 ... [32mdone[0m[4B[3A[2KCreating veth1-pbft-172.16.1.0-172.16.4.0          ... [32mdone[0m[3B[1A[2KCreating veth1-validator-172.16.1.0-172.16.4.0     ... [32mdone[0m[1B[5A[2KCreating veth1-settings-tp-172.16.1.0-172.16.4.0   ... [32mdone[0m[5B[2A[2KCreating veth1-rest-api-172.16.1.0-172.16.4.0      ... [32mdone[0m[2BCompletedProcess(args=['sudo', 'docker-compose', 'up', '-d'], returncode=0)
[blkc-setup]Blockchain criada: nome: 172.16.1.0-172.16.4.0, porta_network:16570, porta_rest:10612
[management-server] fred terminado
[management-server]  end: 1745348236427  duracao: 591
Esperando nova conexao ...
[management-server] init  1745348239439
Recebido de  ('172.16.1.30', 42408)
qtd bytes data: 555
json: {"Monitoring": {"ip_src": "172.16.4.30", "ip_dst": "172.16.1.30", "src_port": 54066, "dst_port": 5001, "proto": 6, "qtd_pacotes": 20, "monitor_name": "172.16.1.30", "timestamps": [1745348239, 1745348239, 1745348239, 1745348239, 1745348239, 1745348239, 1745348239, 1745348239, 1745348239, 1745348239, 1745348239, 1745348239, 1745348239, 1745348239, 1745348239, 1745348239, 1745348239, 1745348239, 1745348239, 1745348239], "pktsizes": [1514, 2962, 1514, 1514, 1514, 1514, 1514, 1514, 1514, 1514, 1514, 1514, 1514, 1514, 1514, 1514, 1514, 1514, 1514, 1514]}}
[management-server] flow monitoring recebido
Traceback (most recent call last):
  File "/home/nnmoc/host1/host/host_traffic_monitoring/monitoring_utils.py", line 72, in loadFlowMonitoringFromJson
    ip_ver = _monitoring["ip_ver"]
KeyError: 'ip_ver'

During handling of the above exception, another exception occurred:

Traceback (most recent call last):
  File "host/host_management_server.py", line 213, in <module>
    host_server(SERVER_IP, FRED_SERVER_PORT, blockchainManager, fredmanager, monitoringmanager)
  File "host/host_management_server.py", line 198, in host_server
    flow_monitoring = loadFlowMonitoringFromJson(data_json)
  File "/home/nnmoc/host1/host/host_traffic_monitoring/monitoring_utils.py", line 84, in loadFlowMonitoringFromJson
    raise SyntaxError("Error loading Monitoring from JSON !")
SyntaxError: Error loading Monitoring from JSON !
